// Jest Snapshot v1, https://goo.gl/fbAQLP

exports[`Profile component should match exact snapshot 1`] = `
<div
  className="makeStyles-page-2"
>
  <button
    className="MuiButtonBase-root MuiButton-root MuiButton-contained MuiButton-containedPrimary"
    disabled={false}
    onBlur={[Function]}
    onClick={[Function]}
    onDragLeave={[Function]}
    onFocus={[Function]}
    onKeyDown={[Function]}
    onKeyUp={[Function]}
    onMouseDown={[Function]}
    onMouseLeave={[Function]}
    onMouseUp={[Function]}
    onTouchEnd={[Function]}
    onTouchMove={[Function]}
    onTouchStart={[Function]}
    style={
      Object {
        "display": "flex",
        "flexDirection": "row",
        "justifyContent": "flex-start",
        "margin": "10px",
        "maxWidth": "max-content",
      }
    }
    tabIndex={0}
    type="button"
  >
    <span
      className="MuiButton-label"
    >
      <svg
        aria-hidden={true}
        className="MuiSvgIcon-root"
        focusable="false"
        style={
          Object {
            "marginRight": "10px",
          }
        }
        viewBox="0 0 24 24"
      >
        <path
          d="M12 2C6.48 2 2 6.48 2 12s4.48 10 10 10 10-4.48 10-10S17.52 2 12 2zm5 11h-4v4h-2v-4H7v-2h4V7h2v4h4v2z"
        />
      </svg>
      Add another column
    </span>
  </button>
  <div
    className="makeStyles-root-1"
    data-rbd-droppable-context-id="1"
    data-rbd-droppable-id="board"
  >
    <div
      aria-describedby="rbd-hidden-text-1-hidden-text-11"
      className="makeStyles-col-3"
      data-rbd-drag-handle-context-id="1"
      data-rbd-drag-handle-draggable-id="todo"
      data-rbd-draggable-context-id="1"
      data-rbd-draggable-id="todo"
      draggable={false}
      onDragStart={[Function]}
      onTransitionEnd={null}
      role="button"
      style={
        Object {
          "backgroundColor": "#FFCF99",
          "transform": null,
          "transition": null,
          "userSelect": "none",
        }
      }
      tabIndex={0}
    >
      <div
        className="makeStyles-coltitle-4"
      >
        <h3>
          todo
        </h3>
        <button
          className="MuiButtonBase-root MuiIconButton-root"
          disabled={false}
          onBlur={[Function]}
          onClick={[Function]}
          onDragLeave={[Function]}
          onFocus={[Function]}
          onKeyDown={[Function]}
          onKeyUp={[Function]}
          onMouseDown={[Function]}
          onMouseLeave={[Function]}
          onMouseUp={[Function]}
          onTouchEnd={[Function]}
          onTouchMove={[Function]}
          onTouchStart={[Function]}
          tabIndex={0}
          type="button"
        >
          <span
            className="MuiIconButton-label"
          >
            <svg
              aria-hidden={true}
              className="MuiSvgIcon-root"
              focusable="false"
              viewBox="0 0 24 24"
            >
              <path
                d="M6 19c0 1.1.9 2 2 2h8c1.1 0 2-.9 2-2V7H6v12zm2.46-7.12l1.41-1.41L12 12.59l2.12-2.12 1.41 1.41L13.41 14l2.12 2.12-1.41 1.41L12 15.41l-2.12 2.12-1.41-1.41L10.59 14l-2.13-2.12zM15.5 4l-1-1h-5l-1 1H5v2h14V4z"
              />
            </svg>
          </span>
        </button>
      </div>
      <div
        className="makeStyles-containerparent-5"
      >
        <div
          className="makeStyles-container-6"
          data-rbd-droppable-context-id="1"
          data-rbd-droppable-id="todo"
          style={
            Object {
              "background": "rgb(235,236,240)",
            }
          }
        >
          <div
            className="makeStyles-entriescontainer-7"
          >
            <div />
          </div>
        </div>
      </div>
      <button
        className="MuiButtonBase-root MuiButton-root MuiButton-contained MuiButton-containedPrimary"
        disabled={false}
        onBlur={[Function]}
        onClick={[Function]}
        onDragLeave={[Function]}
        onFocus={[Function]}
        onKeyDown={[Function]}
        onKeyUp={[Function]}
        onMouseDown={[Function]}
        onMouseLeave={[Function]}
        onMouseUp={[Function]}
        onTouchEnd={[Function]}
        onTouchMove={[Function]}
        onTouchStart={[Function]}
        style={
          Object {
            "display": "flex",
            "flexDirection": "row",
            "justifyContent": "flex-start",
            "margin": "10px",
            "minWidth": "90%",
          }
        }
        tabIndex={0}
        type="button"
      >
        <span
          className="MuiButton-label"
        >
          <svg
            aria-hidden={true}
            className="MuiSvgIcon-root"
            focusable="false"
            style={
              Object {
                "marginRight": "5px",
              }
            }
            viewBox="0 0 24 24"
          >
            <path
              d="M19 13h-6v6h-2v-6H5v-2h6V5h2v6h6v2z"
            />
          </svg>
          Add another card
        </span>
      </button>
    </div>
    <div
      aria-describedby="rbd-hidden-text-1-hidden-text-11"
      className="makeStyles-col-3"
      data-rbd-drag-handle-context-id="1"
      data-rbd-drag-handle-draggable-id="inprogress"
      data-rbd-draggable-context-id="1"
      data-rbd-draggable-id="inprogress"
      draggable={false}
      onDragStart={[Function]}
      onTransitionEnd={null}
      role="button"
      style={
        Object {
          "backgroundColor": "#FFCF99",
          "transform": null,
          "transition": null,
          "userSelect": "none",
        }
      }
      tabIndex={0}
    >
      <div
        className="makeStyles-coltitle-4"
      >
        <h3>
          inprogress
        </h3>
        <button
          className="MuiButtonBase-root MuiIconButton-root"
          disabled={false}
          onBlur={[Function]}
          onClick={[Function]}
          onDragLeave={[Function]}
          onFocus={[Function]}
          onKeyDown={[Function]}
          onKeyUp={[Function]}
          onMouseDown={[Function]}
          onMouseLeave={[Function]}
          onMouseUp={[Function]}
          onTouchEnd={[Function]}
          onTouchMove={[Function]}
          onTouchStart={[Function]}
          tabIndex={0}
          type="button"
        >
          <span
            className="MuiIconButton-label"
          >
            <svg
              aria-hidden={true}
              className="MuiSvgIcon-root"
              focusable="false"
              viewBox="0 0 24 24"
            >
              <path
                d="M6 19c0 1.1.9 2 2 2h8c1.1 0 2-.9 2-2V7H6v12zm2.46-7.12l1.41-1.41L12 12.59l2.12-2.12 1.41 1.41L13.41 14l2.12 2.12-1.41 1.41L12 15.41l-2.12 2.12-1.41-1.41L10.59 14l-2.13-2.12zM15.5 4l-1-1h-5l-1 1H5v2h14V4z"
              />
            </svg>
          </span>
        </button>
      </div>
      <div
        className="makeStyles-containerparent-5"
      >
        <div
          className="makeStyles-container-6"
          data-rbd-droppable-context-id="1"
          data-rbd-droppable-id="inprogress"
          style={
            Object {
              "background": "rgb(235,236,240)",
            }
          }
        >
          <div
            className="makeStyles-entriescontainer-7"
          >
            <div />
          </div>
        </div>
      </div>
      <button
        className="MuiButtonBase-root MuiButton-root MuiButton-contained MuiButton-containedPrimary"
        disabled={false}
        onBlur={[Function]}
        onClick={[Function]}
        onDragLeave={[Function]}
        onFocus={[Function]}
        onKeyDown={[Function]}
        onKeyUp={[Function]}
        onMouseDown={[Function]}
        onMouseLeave={[Function]}
        onMouseUp={[Function]}
        onTouchEnd={[Function]}
        onTouchMove={[Function]}
        onTouchStart={[Function]}
        style={
          Object {
            "display": "flex",
            "flexDirection": "row",
            "justifyContent": "flex-start",
            "margin": "10px",
            "minWidth": "90%",
          }
        }
        tabIndex={0}
        type="button"
      >
        <span
          className="MuiButton-label"
        >
          <svg
            aria-hidden={true}
            className="MuiSvgIcon-root"
            focusable="false"
            style={
              Object {
                "marginRight": "5px",
              }
            }
            viewBox="0 0 24 24"
          >
            <path
              d="M19 13h-6v6h-2v-6H5v-2h6V5h2v6h6v2z"
            />
          </svg>
          Add another card
        </span>
      </button>
    </div>
    <div
      aria-describedby="rbd-hidden-text-1-hidden-text-11"
      className="makeStyles-col-3"
      data-rbd-drag-handle-context-id="1"
      data-rbd-drag-handle-draggable-id="done"
      data-rbd-draggable-context-id="1"
      data-rbd-draggable-id="done"
      draggable={false}
      onDragStart={[Function]}
      onTransitionEnd={null}
      role="button"
      style={
        Object {
          "backgroundColor": "#FFCF99",
          "transform": null,
          "transition": null,
          "userSelect": "none",
        }
      }
      tabIndex={0}
    >
      <div
        className="makeStyles-coltitle-4"
      >
        <h3>
          done
        </h3>
        <button
          className="MuiButtonBase-root MuiIconButton-root"
          disabled={false}
          onBlur={[Function]}
          onClick={[Function]}
          onDragLeave={[Function]}
          onFocus={[Function]}
          onKeyDown={[Function]}
          onKeyUp={[Function]}
          onMouseDown={[Function]}
          onMouseLeave={[Function]}
          onMouseUp={[Function]}
          onTouchEnd={[Function]}
          onTouchMove={[Function]}
          onTouchStart={[Function]}
          tabIndex={0}
          type="button"
        >
          <span
            className="MuiIconButton-label"
          >
            <svg
              aria-hidden={true}
              className="MuiSvgIcon-root"
              focusable="false"
              viewBox="0 0 24 24"
            >
              <path
                d="M6 19c0 1.1.9 2 2 2h8c1.1 0 2-.9 2-2V7H6v12zm2.46-7.12l1.41-1.41L12 12.59l2.12-2.12 1.41 1.41L13.41 14l2.12 2.12-1.41 1.41L12 15.41l-2.12 2.12-1.41-1.41L10.59 14l-2.13-2.12zM15.5 4l-1-1h-5l-1 1H5v2h14V4z"
              />
            </svg>
          </span>
        </button>
      </div>
      <div
        className="makeStyles-containerparent-5"
      >
        <div
          className="makeStyles-container-6"
          data-rbd-droppable-context-id="1"
          data-rbd-droppable-id="done"
          style={
            Object {
              "background": "rgb(235,236,240)",
            }
          }
        >
          <div
            className="makeStyles-entriescontainer-7"
          >
            <div />
          </div>
        </div>
      </div>
      <button
        className="MuiButtonBase-root MuiButton-root MuiButton-contained MuiButton-containedPrimary"
        disabled={false}
        onBlur={[Function]}
        onClick={[Function]}
        onDragLeave={[Function]}
        onFocus={[Function]}
        onKeyDown={[Function]}
        onKeyUp={[Function]}
        onMouseDown={[Function]}
        onMouseLeave={[Function]}
        onMouseUp={[Function]}
        onTouchEnd={[Function]}
        onTouchMove={[Function]}
        onTouchStart={[Function]}
        style={
          Object {
            "display": "flex",
            "flexDirection": "row",
            "justifyContent": "flex-start",
            "margin": "10px",
            "minWidth": "90%",
          }
        }
        tabIndex={0}
        type="button"
      >
        <span
          className="MuiButton-label"
        >
          <svg
            aria-hidden={true}
            className="MuiSvgIcon-root"
            focusable="false"
            style={
              Object {
                "marginRight": "5px",
              }
            }
            viewBox="0 0 24 24"
          >
            <path
              d="M19 13h-6v6h-2v-6H5v-2h6V5h2v6h6v2z"
            />
          </svg>
          Add another card
        </span>
      </button>
    </div>
  </div>
</div>
`;
